9999,,,,,,
A001,ABCDE,abcde,0,123.45,15-03-04,15-03-05 03:34:56.000000000
A002,ＡＢ,ａｂｃｄｅｆ,-9999,-100000000,15-03-05,15-03-06 14:59:59.000000000
A003,,,,,,
