A001,aaa,99.99
A002,x,111.1
A003,ccc,77.77
A004,x,
A005,,
A006,FFF,66.66
